exports[`test should render NoMatch component 1`] = `
<div>
  <img
    alt=""
    src="./img/undefined.png" />
</div>
`;

exports[`test should render card component 1`] = `
<div>
  <img
    alt=""
    src="./img/undefined.png" />
</div>
`;
