exports[`test should render Interface component 1`] = `
<div>
  <center>
    <h4 />
    <Outcome />
  </center>
  <div
    className="row">
    <div
      className="col-lg-6 col-md-6">
      <h4>
        Dealer Score : 
      </h4>
    </div>
    <div
      className="col-lg-6 col-md-6">
      <h4
        className="text-right">
        Player Score : 
      </h4>
    </div>
  </div>
  <br />
  <div
    className="row">
    <div
      className="col-lg-6 col-md-6">
      <form
        onSubmit={[Function]}>
        <div
          className="row">
          <div
            className="col-md-8">
            <input
              className="form-control"
              name="betAmount"
              placeholder="Enter the bet amount. (In Ether )"
              type="number" />
          </div>
          <div
            className="col-md-4">
            <button
              className="btn btn-outline-danger"
              type="submit">
              Start Game
            </button>
          </div>
        </div>
      </form>
    </div>
    <div
      className="col-lg-2 col-md-2">
      <button
        className="btn btn-block btn-success"
        disabled={true}
        type="button">
        Hit
      </button>
    </div>
    <div
      className="col-lg-2 col-md-2">
      <button
        className="btn btn-block btn-danger"
        disabled={true}
        type="button">
        Stand
      </button>
    </div>
    <div
      className="col-lg-2 col-md-2">
      <button
        className="btn btn-block btn-info"
        disabled={true}
        onClick={[Function]}>
        Cash Out
      </button>
    </div>
  </div>
</div>
`;
