exports[`test should render Outcome component 1`] = `
<div
  className="alert alert-info"
  role="alert">
   Hit or Stand
</div>
`;
