exports[`test should render NoMatch component 1`] = `
<div
  className="container">
  <hr />
  <h3
    className="text-center">
     Houses for sale
  </h3>
  <hr />
  <div
    className="row" />
</div>
`;
