exports[`test should render CandidateList component 1`] = `
<div>
  <div />
</div>
`;
