exports[`test should render NotFound component 1`] = `
<h1
  className="text-center">
  <br />
  <img
    height="200rem"
    role="presentation"
    src="favicon.ico"
    width="170rem" />
  <br />
  <br />
  This page is like a perfect software. 
  <br />
  It doesn\'t exists!
</h1>
`;
